// Jest Snapshot v1, https://goo.gl/fbAQLP

exports[`<Table> default snapshot 1`] = `
<table
  class="TableQL"
>
  <caption
    class="TableQL-caption"
  >
    Statement Summary
  </caption>
  <thead
    class="TableQL-thead"
  >
    <tr
      class="TableQL-tr"
    >
      <th
        class="TableQL-th"
        scope="col"
      >
        Author
      </th>
      <th
        class="TableQL-th"
        scope="col"
      >
        Title
      </th>
      <th
        class="TableQL-th"
        scope="col"
      >
        Id
      </th>
      <th
        class="TableQL-th"
        scope="col"
      >
        Edition
      </th>
      <th
        class="TableQL-th"
        scope="col"
      >
        Price
      </th>
      <th
        class="TableQL-th"
        scope="col"
      >
        Year Written
      </th>
    </tr>
  </thead>
  <tbody
    class="TableQL-tbody"
  >
    <tr
      class="TableQL-tr"
    >
      <td
        class="TableQL-td"
        data-label="author"
      >
        Austen, Jane
      </td>
      <td
        class="TableQL-td"
        data-label="title"
      >
        Northanger Abbey
      </td>
      <td
        class="TableQL-td"
        data-label="id"
      >
        63a32284072b2e31190bd81d
      </td>
      <td
        class="TableQL-td"
        data-label="edition"
      >
        Penguin
      </td>
      <td
        class="TableQL-td"
        data-label="price"
      >
        18.2
      </td>
      <td
        class="TableQL-td"
        data-label="yearWritten"
      >
        1814
      </td>
    </tr>
    <tr
      class="TableQL-tr"
    >
      <td
        class="TableQL-td"
        data-label="author"
      >
        Tolstoy, Leo
      </td>
      <td
        class="TableQL-td"
        data-label="title"
      >
        War and Peace
      </td>
      <td
        class="TableQL-td"
        data-label="id"
      >
        63a32284072b2e31190bd81e
      </td>
      <td
        class="TableQL-td"
        data-label="edition"
      >
        Penguin
      </td>
      <td
        class="TableQL-td"
        data-label="price"
      >
        12.7
      </td>
      <td
        class="TableQL-td"
        data-label="yearWritten"
      >
        1865
      </td>
    </tr>
    <tr
      class="TableQL-tr"
    >
      <td
        class="TableQL-td"
        data-label="author"
      >
        Tolstoy, Leo
      </td>
      <td
        class="TableQL-td"
        data-label="title"
      >
        Anna Karenina
      </td>
      <td
        class="TableQL-td"
        data-label="id"
      >
        63a32284072b2e31190bd81f
      </td>
      <td
        class="TableQL-td"
        data-label="edition"
      >
        Penguin
      </td>
      <td
        class="TableQL-td"
        data-label="price"
      >
        13.5
      </td>
      <td
        class="TableQL-td"
        data-label="yearWritten"
      >
        1875
      </td>
    </tr>
    <tr
      class="TableQL-tr"
    >
      <td
        class="TableQL-td"
        data-label="author"
      >
        Woolf, Virginia
      </td>
      <td
        class="TableQL-td"
        data-label="title"
      >
        Mrs. Dalloway
      </td>
      <td
        class="TableQL-td"
        data-label="id"
      >
        63a32284072b2e31190bd820
      </td>
      <td
        class="TableQL-td"
        data-label="edition"
      >
        Harcourt Brace
      </td>
      <td
        class="TableQL-td"
        data-label="price"
      >
        25
      </td>
      <td
        class="TableQL-td"
        data-label="yearWritten"
      >
        1925
      </td>
    </tr>
    <tr
      class="TableQL-tr"
    >
      <td
        class="TableQL-td"
        data-label="author"
      >
        Cunnningham, Michael
      </td>
      <td
        class="TableQL-td"
        data-label="title"
      >
        The Hours
      </td>
      <td
        class="TableQL-td"
        data-label="id"
      >
        63a32284072b2e31190bd821
      </td>
      <td
        class="TableQL-td"
        data-label="edition"
      >
        Harcourt Brace
      </td>
      <td
        class="TableQL-td"
        data-label="price"
      >
        12.35
      </td>
      <td
        class="TableQL-td"
        data-label="yearWritten"
      >
        1999
      </td>
    </tr>
    <tr
      class="TableQL-tr"
    >
      <td
        class="TableQL-td"
        data-label="author"
      >
        Twain, Mark
      </td>
      <td
        class="TableQL-td"
        data-label="title"
      >
        Huckleberry Finn
      </td>
      <td
        class="TableQL-td"
        data-label="id"
      >
        63a32284072b2e31190bd822
      </td>
      <td
        class="TableQL-td"
        data-label="edition"
      >
        Penguin
      </td>
      <td
        class="TableQL-td"
        data-label="price"
      >
        5.76
      </td>
      <td
        class="TableQL-td"
        data-label="yearWritten"
      >
        1865
      </td>
    </tr>
    <tr
      class="TableQL-tr"
    >
      <td
        class="TableQL-td"
        data-label="author"
      >
        Dickens, Charles
      </td>
      <td
        class="TableQL-td"
        data-label="title"
      >
        Bleak House
      </td>
      <td
        class="TableQL-td"
        data-label="id"
      >
        63a32284072b2e31190bd823
      </td>
      <td
        class="TableQL-td"
        data-label="edition"
      >
        Random House
      </td>
      <td
        class="TableQL-td"
        data-label="price"
      >
        5.75
      </td>
      <td
        class="TableQL-td"
        data-label="yearWritten"
      >
        1870
      </td>
    </tr>
    <tr
      class="TableQL-tr"
    >
      <td
        class="TableQL-td"
        data-label="author"
      >
        Twain, Mark
      </td>
      <td
        class="TableQL-td"
        data-label="title"
      >
        Tom Sawyer
      </td>
      <td
        class="TableQL-td"
        data-label="id"
      >
        63a32284072b2e31190bd824
      </td>
      <td
        class="TableQL-td"
        data-label="edition"
      >
        Random House
      </td>
      <td
        class="TableQL-td"
        data-label="price"
      >
        7.75
      </td>
      <td
        class="TableQL-td"
        data-label="yearWritten"
      >
        1862
      </td>
    </tr>
    <tr
      class="TableQL-tr"
    >
      <td
        class="TableQL-td"
        data-label="author"
      >
        Woolf, Virginia
      </td>
      <td
        class="TableQL-td"
        data-label="title"
      >
        A Room of One's Own
      </td>
      <td
        class="TableQL-td"
        data-label="id"
      >
        63a32284072b2e31190bd825
      </td>
      <td
        class="TableQL-td"
        data-label="edition"
      >
        Penguin
      </td>
      <td
        class="TableQL-td"
        data-label="price"
      >
        29
      </td>
      <td
        class="TableQL-td"
        data-label="yearWritten"
      >
        1922
      </td>
    </tr>
    <tr
      class="TableQL-tr"
    >
      <td
        class="TableQL-td"
        data-label="author"
      >
        Rowling, J.K.
      </td>
      <td
        class="TableQL-td"
        data-label="title"
      >
        Harry Potter
      </td>
      <td
        class="TableQL-td"
        data-label="id"
      >
        63a32284072b2e31190bd826
      </td>
      <td
        class="TableQL-td"
        data-label="edition"
      >
        Harcourt Brace
      </td>
      <td
        class="TableQL-td"
        data-label="price"
      >
        19.95
      </td>
      <td
        class="TableQL-td"
        data-label="yearWritten"
      >
        2000
      </td>
    </tr>
    <tr
      class="TableQL-tr"
    >
      <td
        class="TableQL-td"
        data-label="author"
      >
        Marquez
      </td>
      <td
        class="TableQL-td"
        data-label="title"
      >
        One Hundred Years of Solitude
      </td>
      <td
        class="TableQL-td"
        data-label="id"
      >
        63a32284072b2e31190bd827
      </td>
      <td
        class="TableQL-td"
        data-label="edition"
      >
        Harper  Perennial
      </td>
      <td
        class="TableQL-td"
        data-label="price"
      >
        14
      </td>
      <td
        class="TableQL-td"
        data-label="yearWritten"
      >
        1967
      </td>
    </tr>
    <tr
      class="TableQL-tr"
    >
      <td
        class="TableQL-td"
        data-label="author"
      >
        Shakespeare
      </td>
      <td
        class="TableQL-td"
        data-label="title"
      >
        Hamlet, Prince of Denmark
      </td>
      <td
        class="TableQL-td"
        data-label="id"
      >
        63a32284072b2e31190bd828
      </td>
      <td
        class="TableQL-td"
        data-label="edition"
      >
        Signet  Classics
      </td>
      <td
        class="TableQL-td"
        data-label="price"
      >
        7.95
      </td>
      <td
        class="TableQL-td"
        data-label="yearWritten"
      >
        1603
      </td>
    </tr>
    <tr
      class="TableQL-tr"
    >
      <td
        class="TableQL-td"
        data-label="author"
      >
        Tolkien, J.R.
      </td>
      <td
        class="TableQL-td"
        data-label="title"
      >
        Lord of the Rings
      </td>
      <td
        class="TableQL-td"
        data-label="id"
      >
        63a32284072b2e31190bd829
      </td>
      <td
        class="TableQL-td"
        data-label="edition"
      >
        Penguin
      </td>
      <td
        class="TableQL-td"
        data-label="price"
      >
        27.45
      </td>
      <td
        class="TableQL-td"
        data-label="yearWritten"
      >
        1937
      </td>
    </tr>
  </tbody>
</table>
`;

exports[`<Table> pass onEmpty 1`] = `
<h3>
  I am empty
</h3>
`;
